AR io behavioral "//vmware-host/shared folders/home/comp3601/nexys_demo_simple/IO.vhd" sub00/vhpl03 1569388651
AR clock2pulse behavioral "//vmware-host/shared folders/home/comp3601/nexys_demo_simple/clock2pulse.vhd" sub00/vhpl07 1569459855
EN clock2pulse NULL "//vmware-host/shared folders/home/comp3601/nexys_demo_simple/clock2pulse.vhd" sub00/vhpl06 1569459854
EN io NULL "//vmware-host/shared folders/home/comp3601/nexys_demo_simple/IO.vhd" sub00/vhpl02 1569388650
AR word2hurdle behavioral "//vmware-host/shared folders/home/comp3601/nexys_demo_simple/word2hurdle.vhd" sub00/vhpl05 1569459853
AR nexysdemo behavioral "//vmware-host/shared folders/home/comp3601/nexys_demo_simple/Nexysdemo.vhd" sub00/vhpl01 1569459857
EN nexysdemo NULL "//vmware-host/shared folders/home/comp3601/nexys_demo_simple/Nexysdemo.vhd" sub00/vhpl00 1569459856
EN word2hurdle NULL "//vmware-host/shared folders/home/comp3601/nexys_demo_simple/word2hurdle.vhd" sub00/vhpl04 1569459852
