EN display NULL "//vmware-host/shared folders/home/comp3601/nexys_demo_simple/display.vhd" sub00/vhpl12 1569754117
AR speakerpulsegenerator behavioral "//vmware-host/shared folders/home/comp3601/nexys_demo_simple/speakerPulseGenerator.vhd" sub00/vhpl23 1569754116
AR io behavioral "//vmware-host/shared folders/home/comp3601/nexys_demo_simple/IO.vhd" sub00/vhpl03 1569388651
EN beatsmanager NULL "//vmware-host/shared folders/home/comp3601/nexys_demo_simple/beatsManager.vhd" sub00/vhpl18 1569754121
AR clock2pulse behavioral "//vmware-host/shared folders/home/comp3601/nexys_demo_simple/clock2pulse.vhd" sub00/vhpl07 1569754106
AR display behavioral "//vmware-host/shared folders/home/comp3601/nexys_demo_simple/display.vhd" sub00/vhpl13 1569754118
EN clock2pulse NULL "//vmware-host/shared folders/home/comp3601/nexys_demo_simple/clock2pulse.vhd" sub00/vhpl06 1569754105
EN blockram NULL "//vmware-host/shared folders/home/comp3601/nexys_demo_simple/blockRam.vhd" sub00/vhpl14 1569754107
EN beatshurdlecalculator NULL "//vmware-host/shared folders/home/comp3601/nexys_demo_simple/beatsHurdleCalculator.vhd" sub00/vhpl20 1569754103
EN io NULL "//vmware-host/shared folders/home/comp3601/nexys_demo_simple/IO.vhd" sub00/vhpl02 1569388650
AR blockram syn "//vmware-host/shared folders/home/comp3601/nexys_demo_simple/blockRam.vhd" sub00/vhpl15 1569754108
EN speakerpulsegenerator NULL "//vmware-host/shared folders/home/comp3601/nexys_demo_simple/speakerPulseGenerator.vhd" sub00/vhpl22 1569754115
AR beatsmanager behavioral "//vmware-host/shared folders/home/comp3601/nexys_demo_simple/beatsManager.vhd" sub00/vhpl19 1569754122
AR beatshurdlecalculator behavioral "//vmware-host/shared folders/home/comp3601/nexys_demo_simple/beatsHurdleCalculator.vhd" sub00/vhpl21 1569754104
EN segment7 NULL "//vmware-host/shared folders/home/comp3601/nexys_demo_simple/segment7.vhd" sub00/vhpl08 1569754101
EN memorymanager NULL "//vmware-host/shared folders/home/comp3601/nexys_demo_simple/memoryManager.vhd" sub00/vhpl16 1569754119
AR word2hurdle behavioral "//vmware-host/shared folders/home/comp3601/nexys_demo_simple/word2hurdle.vhd" sub00/vhpl05 1569754112
AR memorymanager behavioral "//vmware-host/shared folders/home/comp3601/nexys_demo_simple/memoryManager.vhd" sub00/vhpl17 1569754120
AR segment7 behavioral "//vmware-host/shared folders/home/comp3601/nexys_demo_simple/segment7.vhd" sub00/vhpl09 1569754102
AR nexysdemo behavioral "//vmware-host/shared folders/home/comp3601/nexys_demo_simple/Nexysdemo.vhd" sub00/vhpl01 1569754126
EN note2segment NULL "//vmware-host/shared folders/home/comp3601/nexys_demo_simple/note2segment.vhd" sub00/vhpl10 1569754109
EN mux_3_to_8 NULL "//vmware-host/shared folders/home/comp3601/nexys_demo_simple/mux_3_to_8.vhd" sub00/vhpl26 1569754113
EN controller NULL "//vmware-host/shared folders/home/comp3601/nexys_demo_simple/controller.vhd" sub00/vhpl24 1569754123
AR controller behavioral "//vmware-host/shared folders/home/comp3601/nexys_demo_simple/controller.vhd" sub00/vhpl25 1569754124
EN nexysdemo NULL "//vmware-host/shared folders/home/comp3601/nexys_demo_simple/Nexysdemo.vhd" sub00/vhpl00 1569754125
EN word2hurdle NULL "//vmware-host/shared folders/home/comp3601/nexys_demo_simple/word2hurdle.vhd" sub00/vhpl04 1569754111
AR note2segment behavioral "//vmware-host/shared folders/home/comp3601/nexys_demo_simple/note2segment.vhd" sub00/vhpl11 1569754110
AR mux_3_to_8 behavioral "//vmware-host/shared folders/home/comp3601/nexys_demo_simple/mux_3_to_8.vhd" sub00/vhpl27 1569754114
