EN display NULL "//vmware-host/shared folders/home/comp3601/nexys_demo_simple/display.vhd" sub00/vhpl12 1570515189
AR speakerpulsegenerator behavioral "//vmware-host/shared folders/home/comp3601/nexys_demo_simple/speakerPulseGenerator.vhd" sub00/vhpl23 1570515188
AR io behavioral "//vmware-host/shared folders/home/comp3601/nexys_demo_simple/IO.vhd" sub00/vhpl03 1569388651
EN beatsmanager NULL "//vmware-host/shared folders/home/comp3601/nexys_demo_simple/beatsManager.vhd" sub00/vhpl18 1570515193
AR clock2pulse behavioral "//vmware-host/shared folders/home/comp3601/nexys_demo_simple/clock2pulse.vhd" sub00/vhpl07 1570515174
AR display behavioral "//vmware-host/shared folders/home/comp3601/nexys_demo_simple/display.vhd" sub00/vhpl13 1570515190
EN clock2pulse NULL "//vmware-host/shared folders/home/comp3601/nexys_demo_simple/clock2pulse.vhd" sub00/vhpl06 1570515173
EN blockram NULL "//vmware-host/shared folders/home/comp3601/nexys_demo_simple/blockRam.vhd" sub00/vhpl14 1570515175
EN beatshurdlecalculator NULL "//vmware-host/shared folders/home/comp3601/nexys_demo_simple/beatsHurdleCalculator.vhd" sub00/vhpl20 1570515171
EN io NULL "//vmware-host/shared folders/home/comp3601/nexys_demo_simple/IO.vhd" sub00/vhpl02 1569388650
AR blockram syn "//vmware-host/shared folders/home/comp3601/nexys_demo_simple/blockRam.vhd" sub00/vhpl15 1570515176
EN speakerpulsegenerator NULL "//vmware-host/shared folders/home/comp3601/nexys_demo_simple/speakerPulseGenerator.vhd" sub00/vhpl22 1570515187
AR beatsmanager behavioral "//vmware-host/shared folders/home/comp3601/nexys_demo_simple/beatsManager.vhd" sub00/vhpl19 1570515194
AR memory_access_controller behavioral "//vmware-host/shared folders/home/comp3601/nexys_demo_simple/memory_access_controller.vhd" sub00/vhpl31 1570515180
AR beatshurdlecalculator behavioral "//vmware-host/shared folders/home/comp3601/nexys_demo_simple/beatsHurdleCalculator.vhd" sub00/vhpl21 1570515172
EN memory_access_controller NULL "//vmware-host/shared folders/home/comp3601/nexys_demo_simple/memory_access_controller.vhd" sub00/vhpl30 1570515179
EN segment7 NULL "//vmware-host/shared folders/home/comp3601/nexys_demo_simple/segment7.vhd" sub00/vhpl08 1570515169
EN memorymanager NULL "//vmware-host/shared folders/home/comp3601/nexys_demo_simple/memoryManager.vhd" sub00/vhpl16 1570515191
AR word2hurdle behavioral "//vmware-host/shared folders/home/comp3601/nexys_demo_simple/word2hurdle.vhd" sub00/vhpl05 1570515184
AR memorymanager behavioral "//vmware-host/shared folders/home/comp3601/nexys_demo_simple/memoryManager.vhd" sub00/vhpl17 1570515192
AR segment7 behavioral "//vmware-host/shared folders/home/comp3601/nexys_demo_simple/segment7.vhd" sub00/vhpl09 1570515170
AR nexysdemo behavioral "//vmware-host/shared folders/home/comp3601/nexys_demo_simple/Nexysdemo.vhd" sub00/vhpl01 1570515198
EN note2segment NULL "//vmware-host/shared folders/home/comp3601/nexys_demo_simple/note2segment.vhd" sub00/vhpl10 1570515181
EN dpimref NULL "//vmware-host/shared folders/home/comp3601/nexys_demo_simple/dpimref.vhd" sub00/vhpl28 1570515177
EN mux_3_to_8 NULL "//vmware-host/shared folders/home/comp3601/nexys_demo_simple/mux_3_to_8.vhd" sub00/vhpl26 1570515185
EN controller NULL "//vmware-host/shared folders/home/comp3601/nexys_demo_simple/controller.vhd" sub00/vhpl24 1570515195
AR controller behavioral "//vmware-host/shared folders/home/comp3601/nexys_demo_simple/controller.vhd" sub00/vhpl25 1570515196
EN nexysdemo NULL "//vmware-host/shared folders/home/comp3601/nexys_demo_simple/Nexysdemo.vhd" sub00/vhpl00 1570515197
EN word2hurdle NULL "//vmware-host/shared folders/home/comp3601/nexys_demo_simple/word2hurdle.vhd" sub00/vhpl04 1570515183
AR note2segment behavioral "//vmware-host/shared folders/home/comp3601/nexys_demo_simple/note2segment.vhd" sub00/vhpl11 1570515182
AR dpimref behavioral "//vmware-host/shared folders/home/comp3601/nexys_demo_simple/dpimref.vhd" sub00/vhpl29 1570515178
AR mux_3_to_8 behavioral "//vmware-host/shared folders/home/comp3601/nexys_demo_simple/mux_3_to_8.vhd" sub00/vhpl27 1570515186
